2026-09-22 20:39:33 | U17 | bitacora_e2e_1790123972@test.com | REGISTRO | Nuevo usuario registrado: bitacora_e2e_1790123972@test.com
2026-09-22 20:57:53 | U18 | bitacora_final_1790125073@test.com | REGISTRO | Nuevo usuario registrado: bitacora_final_1790125073@test.com
2026-09-22 20:57:53 | U18 | bitacora_final_1790125073@test.com | LOGIN | Inicio de sesión
2026-09-22 21:01:18 | U19 | bitacora_final_1790125277@test.com | REGISTRO | Nuevo usuario registrado: bitacora_final_1790125277@test.com
2026-09-22 21:01:18 | U19 | bitacora_final_1790125277@test.com | LOGIN | Inicio de sesión
2026-09-22 21:01:18 | U19 | bitacora_final_1790125277@test.com | GUARDAR CUESTIONARIO | Objetivo: ganar_musculo · Nivel: intermedio · 3 días/semana
2026-09-22 21:11:32 | U24 | sw_1790125891639@x.com | REGISTRO | Nuevo usuario registrado: sw_1790125891639@x.com
2026-09-22 21:11:32 | U24 | sw_1790125891639@x.com | LOGIN | Inicio de sesión
2026-09-22 21:12:57 | U25 | debug_comp_1790125976@test.com | REGISTRO | Nuevo usuario registrado: debug_comp_1790125976@test.com
2026-09-22 21:12:57 | U25 | debug_comp_1790125976@test.com | LOGIN | Inicio de sesión
2026-09-22 21:12:57 | U25 | debug_comp_1790125976@test.com | CREAR PLANTILLA | Debug Comp · 1 ejercicios · fuerza
2026-09-22 21:12:57 | U25 | debug_comp_1790125976@test.com | INICIAR ENTRENAMIENTO | Plantilla: Debug Comp · 1 ejercicios
2026-09-22 22:10:53 | U32 | | GENERAR PLANTILLA IA | plantilla_id 31 · motor heuristica · 4 ejercicios
2026-09-22 22:17:37 | U33 | | GENERAR PLANTILLA IA | plantilla_id 33 · motor heuristica · 4 ejercicios
2026-09-22 22:20:38 | U3 | fa780903@gmail.com | LOGIN | Inicio de sesión
2026-09-22 22:20:39 | U3 | fa780903@gmail.com | LOGIN | Inicio de sesión
2026-09-22 22:20:40 | U3 | fa780903@gmail.com | LOGIN | Inicio de sesión
2026-09-22 22:20:41 | U3 | fa780903@gmail.com | LOGIN | Inicio de sesión
2026-09-22 22:20:45 | U4 | charizbul45@gmail.com | LOGIN | Inicio de sesión
2026-09-22 22:21:42 | U4 | charizbul45@gmail.com | GUARDAR CUESTIONARIO | Objetivo: perder_grasa · Nivel: principiante · 4 días/semana
2026-09-22 22:21:43 | U4 | charizbul45@gmail.com | LOGIN | Inicio de sesión
2026-09-22 22:21:44 | U4 | charizbul45@gmail.com | LOGIN | Inicio de sesión
2026-09-22 22:27:11 | U34 | kickX_1790130431@test.com | REGISTRO | Nuevo usuario registrado: kickX_1790130431@test.com
2026-09-22 22:27:12 | U34 | kickX_1790130431@test.com | LOGIN | Inicio de sesión
2026-09-22 22:57:43 | U3 | fa780903@gmail.com | LOGIN | Inicio de sesión
2026-09-22 22:57:44 | U3 | fa780903@gmail.com | LOGIN | Inicio de sesión
2026-09-22 22:57:45 | U3 | fa780903@gmail.com | LOGIN | Inicio de sesión
2026-09-22 22:57:46 | U3 | fa780903@gmail.com | LOGIN | Inicio de sesión
2026-09-22 22:57:47 | U3 | fa780903@gmail.com | LOGIN | Inicio de sesión
2026-09-22 22:57:49 | U3 | fa780903@gmail.com | LOGIN | Inicio de sesión
2026-09-22 22:57:50 | U3 | fa780903@gmail.com | LOGIN | Inicio de sesión
2026-09-22 22:57:51 | U3 | fa780903@gmail.com | LOGIN | Inicio de sesión
2026-09-22 22:57:54 | U3 | fa780903@gmail.com | LOGIN | Inicio de sesión
2026-09-22 22:57:55 | U3 | fa780903@gmail.com | LOGIN | Inicio de sesión
2026-09-22 22:57:57 | U3 | fa780903@gmail.com | LOGIN | Inicio de sesión
2026-09-22 22:58:13 | U3 | fa780903@gmail.com | LOGIN | Inicio de sesión
2026-09-22 22:58:14 | U3 | fa780903@gmail.com | LOGIN | Inicio de sesión
2026-09-22 23:04:22 | U3 | fa780903@gmail.com | LOGIN | Inicio de sesión
2026-09-22 23:04:32 | U3 | fa780903@gmail.com | LOGIN | Inicio de sesión
2026-09-22 23:04:53 | U3 | fa780903@gmail.com | LOGIN | Inicio de sesión
2026-09-22 23:04:55 | U3 | fa780903@gmail.com | LOGIN | Inicio de sesión
2026-09-22 23:04:56 | U3 | fa780903@gmail.com | LOGIN | Inicio de sesión
2026-09-22 23:04:57 | U3 | fa780903@gmail.com | LOGIN | Inicio de sesión
2026-09-22 23:04:58 | U3 | fa780903@gmail.com | LOGIN | Inicio de sesión
2026-09-22 23:05:03 | U4 | charizbul45@gmail.com | LOGIN | Inicio de sesión
2026-09-22 23:05:03 | U4 | charizbul45@gmail.com | LOGIN | Inicio de sesión
2026-09-22 23:05:07 | U3 | fa780903@gmail.com | LOGIN | Inicio de sesión
2026-09-22 23:05:08 | U3 | fa780903@gmail.com | LOGIN | Inicio de sesión
2026-09-22 23:05:12 | U3 | fa780903@gmail.com | LOGIN | Inicio de sesión
2026-09-22 23:05:45 | U3 | fa780903@gmail.com | LOGIN | Inicio de sesión
2026-09-22 23:05:46 | U3 | fa780903@gmail.com | LOGIN | Inicio de sesión
2026-09-22 23:05:49 | U3 | fa780903@gmail.com | LOGIN | Inicio de sesión
2026-09-22 23:05:49 | U3 | fa780903@gmail.com | LOGIN | Inicio de sesión
2026-09-22 23:05:50 | U3 | fa780903@gmail.com | LOGIN | Inicio de sesión
2026-09-22 23:05:51 | U3 | fa780903@gmail.com | LOGIN | Inicio de sesión
2026-09-22 23:05:52 | U3 | fa780903@gmail.com | LOGIN | Inicio de sesión
2026-09-22 23:05:59 | U3 | fa780903@gmail.com | LOGIN | Inicio de sesión
2026-09-22 23:06:01 | U3 | fa780903@gmail.com | LOGIN | Inicio de sesión
2026-09-22 23:06:02 | U3 | fa780903@gmail.com | LOGIN | Inicio de sesión
2026-09-22 23:06:04 | U3 | fa780903@gmail.com | LOGIN | Inicio de sesión
2026-09-22 23:06:24 | U3 | fa780903@gmail.com | LOGIN | Inicio de sesión
2026-09-22 23:06:25 | U3 | fa780903@gmail.com | LOGIN | Inicio de sesión
2026-09-22 23:06:26 | U3 | fa780903@gmail.com | LOGIN | Inicio de sesión
2026-09-22 23:06:31 | U3 | fa780903@gmail.com | LOGIN | Inicio de sesión
2026-09-22 23:06:32 | U3 | fa780903@gmail.com | LOGIN | Inicio de sesión
2026-09-22 23:06:33 | U3 | fa780903@gmail.com | LOGIN | Inicio de sesión
2026-09-22 23:06:34 | U3 | fa780903@gmail.com | LOGIN | Inicio de sesión
2026-09-22 23:07:09 | U3 | fa780903@gmail.com | LOGIN | Inicio de sesión
2026-09-22 23:07:09 | U3 | fa780903@gmail.com | LOGIN | Inicio de sesión
2026-09-22 23:27:05 | U3 | fa780903@gmail.com | LOGIN | Inicio de sesión
2026-09-23 01:12:19 | U3 | fa780903@gmail.com | LOGIN | Inicio de sesión
2026-09-23 01:12:20 | U3 | fa780903@gmail.com | LOGIN | Inicio de sesión
2026-09-23 01:12:21 | U3 | fa780903@gmail.com | LOGIN | Inicio de sesión
2026-09-23 01:12:22 | U3 | fa780903@gmail.com | LOGIN | Inicio de sesión
2026-09-23 01:12:23 | U3 | fa780903@gmail.com | LOGIN | Inicio de sesión
2026-09-23 01:12:24 | U3 | fa780903@gmail.com | LOGIN | Inicio de sesión
2026-09-23 01:12:25 | U3 | fa780903@gmail.com | LOGIN | Inicio de sesión
2026-09-23 01:12:39 | U3 | fa780903@gmail.com | LOGIN | Inicio de sesión
2026-09-23 01:13:04 | U3 | fa780903@gmail.com | LOGIN | Inicio de sesión
2026-09-23 01:13:06 | U3 | fa780903@gmail.com | LOGIN | Inicio de sesión
2026-09-23 01:13:07 | U3 | fa780903@gmail.com | LOGIN | Inicio de sesión
2026-09-23 01:34:29 | U35 | ok.013428@test.com | REGISTRO | Nuevo usuario registrado: ok.013428@test.com
2026-09-23 01:34:29 | U35 | ok.013428@test.com | LOGIN | Inicio de sesión
2026-09-23 01:36:38 | U3 | fa780903@gmail.com | LOGIN | Inicio de sesión
2026-09-23 01:36:39 | U3 | fa780903@gmail.com | LOGIN | Inicio de sesión
2026-09-23 01:36:40 | U3 | fa780903@gmail.com | LOGIN | Inicio de sesión
2026-09-23 01:36:41 | U3 | fa780903@gmail.com | LOGIN | Inicio de sesión
2026-09-23 01:36:43 | U3 | fa780903@gmail.com | LOGIN | Inicio de sesión
2026-09-23 01:36:43 | U3 | fa780903@gmail.com | LOGIN | Inicio de sesión
2026-09-23 01:36:54 | U3 | fa780903@gmail.com | LOGIN | Inicio de sesión
2026-09-23 01:37:03 | U3 | fa780903@gmail.com | LOGIN | Inicio de sesión
2026-09-23 01:37:05 | U3 | fa780903@gmail.com | LOGIN | Inicio de sesión
2026-09-23 01:37:22 | U3 | fa780903@gmail.com | LOGIN | Inicio de sesión
2026-09-23 01:37:28 | U3 | fa780903@gmail.com | LOGIN | Inicio de sesión
2026-09-23 01:37:49 | U3 | fa780903@gmail.com | LOGIN | Inicio de sesión
2026-09-23 01:37:56 | U3 | fa780903@gmail.com | LOGIN | Inicio de sesión
2026-09-23 01:37:57 | U3 | fa780903@gmail.com | LOGIN | Inicio de sesión
2026-09-23 01:42:42 | U36 | carrera.014242@test.com | REGISTRO | Nuevo usuario registrado: carrera.014242@test.com
2026-09-23 01:42:43 | U36 | carrera.014242@test.com | LOGIN | Inicio de sesión
2026-09-23 01:42:50 | U3 | fa780903@gmail.com | LOGIN | Inicio de sesión
2026-09-23 01:43:04 | U3 | fa780903@gmail.com | LOGIN | Inicio de sesión
2026-09-23 01:43:37 | U3 | fa780903@gmail.com | LOGIN | Inicio de sesión
2026-09-23 01:43:39 | U3 | fa780903@gmail.com | LOGIN | Inicio de sesión
2026-09-23 01:43:41 | U3 | fa780903@gmail.com | LOGIN | Inicio de sesión
2026-09-23 01:46:37 | U37 | vs.014636@test.com | REGISTRO | Nuevo usuario registrado: vs.014636@test.com
2026-09-23 01:46:37 | U37 | vs.014636@test.com | LOGIN | Inicio de sesión
2026-09-28 15:48:01 | U3 | | GENERAR PLANTILLA IA | plantilla_id 35 · motor heuristica · 5 ejercicios
2026-09-28 15:48:06 | U3 | | GENERAR PLANTILLA IA | plantilla_id 36 · motor heuristica · 5 ejercicios
2026-09-28 15:50:38 | U3 | | GENERAR PLANTILLA IA | plantilla_id 37 · motor heuristica · 5 ejercicios
2026-09-28 16:11:19 | U3 | | GENERAR PLANTILLA IA | plantilla_id 38 · motor heuristica · 5 ejercicios
2026-09-28 16:17:02 | U3 | | GENERAR PLANTILLA IA | plantilla_id 39 · motor heuristica · 5 ejercicios
2026-09-28 16:27:58 | U3 | | GENERAR PLANTILLA IA | plantilla_id 40 · motor heuristica · 5 ejercicios
2026-09-28 16:43:37 | U40 | | GENERAR PLANTILLA IA | plantilla_id 41 · motor heuristica · 5 ejercicios
2026-09-28 16:43:57 | U40 | | GENERAR PLANTILLA IA | plantilla_id 42 · motor heuristica · 5 ejercicios
2026-09-28 16:44:28 | U40 | | GENERAR PLANTILLA IA | plantilla_id 43 · motor heuristica · 5 ejercicios
2026-09-28 16:45:07 | U40 | | GENERAR PLANTILLA IA | plantilla_id 44 · motor heuristica · 5 ejercicios
2026-09-28 16:45:43 | U40 | | GENERAR PLANTILLA IA | plantilla_id 45 · motor heuristica · 5 ejercicios
2026-09-28 16:54:58 | U40 | | GENERAR PLANTILLA IA | plantilla_id 46 · motor heuristica · 5 ejercicios
2026-09-29 02:26:58 | U3 | | GENERAR PLANTILLA IA | plantilla_id 47 · motor heuristica · 5 ejercicios
2026-09-29 02:28:51 | U3 | | GENERAR PLANTILLA IA | plantilla_id 48 · motor heuristica · 5 ejercicios
